// Jest Snapshot v1, https://goo.gl/fbAQLP

exports[`config should provide configuration 1`] = `
Object {
  "BASIC_AUTH_CLIENTS": Object {
    "clients": Array [
      Object {
        "password": "secret",
        "username": "secret",
      },
    ],
  },
  "IS_TEST": true,
  "NODE_ENVIRONMENT": "test",
  "config": Object {
    "BASIC_AUTH_PASSWORD": "secret",
    "BASIC_AUTH_USERNAME": "secret",
    "BEARER_TOKEN_ISSUER": "https://oauth.test.api.lindorm.io",
    "COMMUNICATION_SERVICE_HOST": "https://communication.test.api.lindorm.io",
    "COMMUNICATION_SERVICE_PASSWORD": "secret",
    "COMMUNICATION_SERVICE_USERNAME": "secret",
    "CRYPTO_AES_SECRET": "secret",
    "CRYPTO_SHA_SECRET": "secret",
    "EXPIRY_CONNECT_IDENTIFIER_SESSION": "2 hours",
    "HOST": "https://identity.test.api.lindorm.io",
    "MONGO_DB_NAME": "device",
    "MONGO_HOST": "localhost",
    "MONGO_PASSWORD": "example",
    "MONGO_PORT": 27017,
    "MONGO_USERNAME": "root",
    "NODE_ENVIRONMENT": "test",
    "REDIS_HOST": "localhost",
    "REDIS_PASSWORD": null,
    "REDIS_PORT": 6379,
    "REDIS_USERNAME": null,
    "SERVER_PORT": 3002,
  },
}
`;
