// Jest Snapshot v1, https://goo.gl/fbAQLP

exports[`config should provide configuration 1`] = `
Object {
  "BASIC_AUTH_CLIENTS": Object {
    "clients": Array [
      Object {
        "password": "secret",
        "username": "secret",
      },
    ],
  },
  "IS_TEST": true,
  "MONGO_CONNECTION_OPTIONS": Object {
    "auth": Object {
      "password": "secret",
      "user": "secret",
    },
    "databaseName": "device",
    "hostname": "localhost",
    "port": 27017,
    "type": "STORAGE",
  },
  "NODE_ENVIRONMENT": "test",
  "REDIS_CONNECTION_OPTIONS": Object {
    "host": "localhost",
    "password": "secret",
    "port": 6379,
    "type": "CACHE",
  },
  "config": Object {
    "BASIC_AUTH_PASSWORD": "secret",
    "BASIC_AUTH_USERNAME": "secret",
    "BEARER_TOKEN_ISSUER": "https://oauth.test.api.lindorm.io",
    "COMMUNICATION_SERVICE_HOST": "https://communication.test.api.lindorm.io",
    "COMMUNICATION_SERVICE_PASSWORD": "secret",
    "COMMUNICATION_SERVICE_USERNAME": "secret",
    "CRYPTO_AES_SECRET": "secret",
    "CRYPTO_SHA_SECRET": "secret",
    "EXPIRY_CONNECT_IDENTIFIER_SESSION": "2 hours",
    "HOST": "https://identity.test.api.lindorm.io",
    "MONGO_DB_NAME": "device",
    "MONGO_HOST": "localhost",
    "MONGO_PASSWORD": "secret",
    "MONGO_PORT": 27017,
    "MONGO_USERNAME": "secret",
    "NODE_ENVIRONMENT": "test",
    "REDIS_HOST": "localhost",
    "REDIS_PASSWORD": "secret",
    "REDIS_PORT": 6379,
    "SERVER_PORT": 3002,
  },
}
`;
